[0.183s] DEBUG:colcon:Command line arguments: ['/usr/bin/colcon', 'build', '--packages-select', 'imu_process']
[0.183s] DEBUG:colcon:Parsed command line arguments: Namespace(log_base=None, log_level=None, verb_name='build', build_base='build', install_base='install', merge_install=False, symlink_install=False, test_result_base=None, continue_on_error=False, executor='parallel', parallel_workers=4, event_handlers=None, ignore_user_meta=False, metas=['./colcon.meta'], base_paths=['.'], packages_ignore=None, packages_ignore_regex=None, paths=None, packages_up_to=None, packages_up_to_regex=None, packages_above=None, packages_above_and_dependencies=None, packages_above_depth=None, packages_select_by_dep=None, packages_skip_by_dep=None, packages_skip_up_to=None, packages_select_build_failed=False, packages_skip_build_finished=False, packages_select_test_failures=False, packages_skip_test_passed=False, packages_select=['imu_process'], packages_skip=None, packages_select_regex=None, packages_skip_regex=None, packages_start=None, packages_end=None, allow_overriding=[], cmake_args=None, cmake_target=None, cmake_target_skip_unavailable=False, cmake_clean_cache=False, cmake_clean_first=False, cmake_force_configure=False, ament_cmake_args=None, catkin_cmake_args=None, catkin_skip_building_tests=False, mixin_files=None, mixin=None, verb_parser=<colcon_mixin.mixin.mixin_argument.MixinArgumentDecorator object at 0xffff88aa40e0>, verb_extension=<colcon_core.verb.build.BuildVerb object at 0xffff88a6fd70>, main=<bound method BuildVerb.main of <colcon_core.verb.build.BuildVerb object at 0xffff88a6fd70>>, mixin_verb=('build',))
[0.236s] Level 1:colcon.colcon_core.package_discovery:discover_packages(colcon_meta) check parameters
[0.236s] Level 1:colcon.colcon_core.package_discovery:discover_packages(recursive) check parameters
[0.237s] Level 1:colcon.colcon_core.package_discovery:discover_packages(ignore) check parameters
[0.237s] Level 1:colcon.colcon_core.package_discovery:discover_packages(path) check parameters
[0.237s] Level 1:colcon.colcon_core.package_discovery:discover_packages(colcon_meta) discover
[0.237s] Level 1:colcon.colcon_core.package_discovery:discover_packages(recursive) discover
[0.237s] INFO:colcon.colcon_core.package_discovery:Crawling recursively for packages in '/home/guinn/guinn-ROS2'
[0.237s] Level 1:colcon.colcon_core.package_identification:_identify(.) by extensions ['ignore', 'ignore_ament_install']
[0.237s] Level 1:colcon.colcon_core.package_identification:_identify(.) by extension 'ignore'
[0.237s] Level 1:colcon.colcon_core.package_identification:_identify(.) by extension 'ignore_ament_install'
[0.237s] Level 1:colcon.colcon_core.package_identification:_identify(.) by extensions ['colcon_pkg']
[0.237s] Level 1:colcon.colcon_core.package_identification:_identify(.) by extension 'colcon_pkg'
[0.237s] Level 1:colcon.colcon_core.package_identification:_identify(.) by extensions ['colcon_meta']
[0.237s] Level 1:colcon.colcon_core.package_identification:_identify(.) by extension 'colcon_meta'
[0.237s] Level 1:colcon.colcon_core.package_identification:_identify(.) by extensions ['ros']
[0.237s] Level 1:colcon.colcon_core.package_identification:_identify(.) by extension 'ros'
[0.278s] Level 1:colcon.colcon_core.package_identification:_identify(.) by extensions ['cmake', 'python']
[0.279s] Level 1:colcon.colcon_core.package_identification:_identify(.) by extension 'cmake'
[0.279s] Level 1:colcon.colcon_core.package_identification:_identify(.) by extension 'python'
[0.279s] Level 1:colcon.colcon_core.package_identification:_identify(.) by extensions ['python_setup_py']
[0.279s] Level 1:colcon.colcon_core.package_identification:_identify(.) by extension 'python_setup_py'
[0.279s] Level 1:colcon.colcon_core.package_identification:_identify(build) by extensions ['ignore', 'ignore_ament_install']
[0.279s] Level 1:colcon.colcon_core.package_identification:_identify(build) by extension 'ignore'
[0.279s] Level 1:colcon.colcon_core.package_identification:_identify(build) ignored
[0.279s] Level 1:colcon.colcon_core.package_identification:_identify(documentation) by extensions ['ignore', 'ignore_ament_install']
[0.279s] Level 1:colcon.colcon_core.package_identification:_identify(documentation) by extension 'ignore'
[0.279s] Level 1:colcon.colcon_core.package_identification:_identify(documentation) by extension 'ignore_ament_install'
[0.280s] Level 1:colcon.colcon_core.package_identification:_identify(documentation) by extensions ['colcon_pkg']
[0.280s] Level 1:colcon.colcon_core.package_identification:_identify(documentation) by extension 'colcon_pkg'
[0.280s] Level 1:colcon.colcon_core.package_identification:_identify(documentation) by extensions ['colcon_meta']
[0.280s] Level 1:colcon.colcon_core.package_identification:_identify(documentation) by extension 'colcon_meta'
[0.280s] Level 1:colcon.colcon_core.package_identification:_identify(documentation) by extensions ['ros']
[0.280s] Level 1:colcon.colcon_core.package_identification:_identify(documentation) by extension 'ros'
[0.280s] Level 1:colcon.colcon_core.package_identification:_identify(documentation) by extensions ['cmake', 'python']
[0.280s] Level 1:colcon.colcon_core.package_identification:_identify(documentation) by extension 'cmake'
[0.280s] Level 1:colcon.colcon_core.package_identification:_identify(documentation) by extension 'python'
[0.280s] Level 1:colcon.colcon_core.package_identification:_identify(documentation) by extensions ['python_setup_py']
[0.280s] Level 1:colcon.colcon_core.package_identification:_identify(documentation) by extension 'python_setup_py'
[0.280s] Level 1:colcon.colcon_core.package_identification:_identify(install) by extensions ['ignore', 'ignore_ament_install']
[0.280s] Level 1:colcon.colcon_core.package_identification:_identify(install) by extension 'ignore'
[0.280s] Level 1:colcon.colcon_core.package_identification:_identify(install) ignored
[0.280s] Level 1:colcon.colcon_core.package_identification:_identify(log) by extensions ['ignore', 'ignore_ament_install']
[0.280s] Level 1:colcon.colcon_core.package_identification:_identify(log) by extension 'ignore'
[0.280s] Level 1:colcon.colcon_core.package_identification:_identify(log) ignored
[0.281s] Level 1:colcon.colcon_core.package_identification:_identify(src) by extensions ['ignore', 'ignore_ament_install']
[0.281s] Level 1:colcon.colcon_core.package_identification:_identify(src) by extension 'ignore'
[0.281s] Level 1:colcon.colcon_core.package_identification:_identify(src) by extension 'ignore_ament_install'
[0.281s] Level 1:colcon.colcon_core.package_identification:_identify(src) by extensions ['colcon_pkg']
[0.281s] Level 1:colcon.colcon_core.package_identification:_identify(src) by extension 'colcon_pkg'
[0.281s] Level 1:colcon.colcon_core.package_identification:_identify(src) by extensions ['colcon_meta']
[0.281s] Level 1:colcon.colcon_core.package_identification:_identify(src) by extension 'colcon_meta'
[0.281s] Level 1:colcon.colcon_core.package_identification:_identify(src) by extensions ['ros']
[0.281s] Level 1:colcon.colcon_core.package_identification:_identify(src) by extension 'ros'
[0.281s] Level 1:colcon.colcon_core.package_identification:_identify(src) by extensions ['cmake', 'python']
[0.281s] Level 1:colcon.colcon_core.package_identification:_identify(src) by extension 'cmake'
[0.281s] Level 1:colcon.colcon_core.package_identification:_identify(src) by extension 'python'
[0.281s] Level 1:colcon.colcon_core.package_identification:_identify(src) by extensions ['python_setup_py']
[0.281s] Level 1:colcon.colcon_core.package_identification:_identify(src) by extension 'python_setup_py'
[0.281s] Level 1:colcon.colcon_core.package_identification:_identify(src/imu_process) by extensions ['ignore', 'ignore_ament_install']
[0.281s] Level 1:colcon.colcon_core.package_identification:_identify(src/imu_process) by extension 'ignore'
[0.281s] Level 1:colcon.colcon_core.package_identification:_identify(src/imu_process) by extension 'ignore_ament_install'
[0.281s] Level 1:colcon.colcon_core.package_identification:_identify(src/imu_process) by extensions ['colcon_pkg']
[0.281s] Level 1:colcon.colcon_core.package_identification:_identify(src/imu_process) by extension 'colcon_pkg'
[0.282s] Level 1:colcon.colcon_core.package_identification:_identify(src/imu_process) by extensions ['colcon_meta']
[0.282s] Level 1:colcon.colcon_core.package_identification:_identify(src/imu_process) by extension 'colcon_meta'
[0.282s] Level 1:colcon.colcon_core.package_identification:_identify(src/imu_process) by extensions ['ros']
[0.282s] Level 1:colcon.colcon_core.package_identification:_identify(src/imu_process) by extension 'ros'
[0.285s] DEBUG:colcon.colcon_core.package_identification:Package 'src/imu_process' with type 'ros.ament_cmake' and name 'imu_process'
[0.285s] Level 1:colcon.colcon_core.package_identification:_identify(src/nav_algo) by extensions ['ignore', 'ignore_ament_install']
[0.286s] Level 1:colcon.colcon_core.package_identification:_identify(src/nav_algo) by extension 'ignore'
[0.286s] Level 1:colcon.colcon_core.package_identification:_identify(src/nav_algo) by extension 'ignore_ament_install'
[0.286s] Level 1:colcon.colcon_core.package_identification:_identify(src/nav_algo) by extensions ['colcon_pkg']
[0.286s] Level 1:colcon.colcon_core.package_identification:_identify(src/nav_algo) by extension 'colcon_pkg'
[0.286s] Level 1:colcon.colcon_core.package_identification:_identify(src/nav_algo) by extensions ['colcon_meta']
[0.286s] Level 1:colcon.colcon_core.package_identification:_identify(src/nav_algo) by extension 'colcon_meta'
[0.286s] Level 1:colcon.colcon_core.package_identification:_identify(src/nav_algo) by extensions ['ros']
[0.286s] Level 1:colcon.colcon_core.package_identification:_identify(src/nav_algo) by extension 'ros'
[0.287s] DEBUG:colcon.colcon_core.package_identification:Package 'src/nav_algo' with type 'ros.ament_cmake' and name 'nav_algo'
[0.287s] Level 1:colcon.colcon_core.package_identification:_identify(src/serial_imu) by extensions ['ignore', 'ignore_ament_install']
[0.287s] Level 1:colcon.colcon_core.package_identification:_identify(src/serial_imu) by extension 'ignore'
[0.287s] Level 1:colcon.colcon_core.package_identification:_identify(src/serial_imu) by extension 'ignore_ament_install'
[0.287s] Level 1:colcon.colcon_core.package_identification:_identify(src/serial_imu) by extensions ['colcon_pkg']
[0.287s] Level 1:colcon.colcon_core.package_identification:_identify(src/serial_imu) by extension 'colcon_pkg'
[0.287s] Level 1:colcon.colcon_core.package_identification:_identify(src/serial_imu) by extensions ['colcon_meta']
[0.288s] Level 1:colcon.colcon_core.package_identification:_identify(src/serial_imu) by extension 'colcon_meta'
[0.288s] Level 1:colcon.colcon_core.package_identification:_identify(src/serial_imu) by extensions ['ros']
[0.288s] Level 1:colcon.colcon_core.package_identification:_identify(src/serial_imu) by extension 'ros'
[0.288s] DEBUG:colcon.colcon_core.package_identification:Package 'src/serial_imu' with type 'ros.ament_cmake' and name 'serial_imu'
[0.288s] Level 1:colcon.colcon_core.package_identification:_identify(src/uart_slave) by extensions ['ignore', 'ignore_ament_install']
[0.289s] Level 1:colcon.colcon_core.package_identification:_identify(src/uart_slave) by extension 'ignore'
[0.289s] Level 1:colcon.colcon_core.package_identification:_identify(src/uart_slave) by extension 'ignore_ament_install'
[0.289s] Level 1:colcon.colcon_core.package_identification:_identify(src/uart_slave) by extensions ['colcon_pkg']
[0.289s] Level 1:colcon.colcon_core.package_identification:_identify(src/uart_slave) by extension 'colcon_pkg'
[0.289s] Level 1:colcon.colcon_core.package_identification:_identify(src/uart_slave) by extensions ['colcon_meta']
[0.289s] Level 1:colcon.colcon_core.package_identification:_identify(src/uart_slave) by extension 'colcon_meta'
[0.289s] Level 1:colcon.colcon_core.package_identification:_identify(src/uart_slave) by extensions ['ros']
[0.289s] Level 1:colcon.colcon_core.package_identification:_identify(src/uart_slave) by extension 'ros'
[0.290s] DEBUG:colcon.colcon_core.package_identification:Package 'src/uart_slave' with type 'ros.ament_cmake' and name 'uart_slave'
[0.290s] Level 1:colcon.colcon_core.package_identification:_identify(src_dump) by extensions ['ignore', 'ignore_ament_install']
[0.290s] Level 1:colcon.colcon_core.package_identification:_identify(src_dump) by extension 'ignore'
[0.290s] Level 1:colcon.colcon_core.package_identification:_identify(src_dump) by extension 'ignore_ament_install'
[0.290s] Level 1:colcon.colcon_core.package_identification:_identify(src_dump) by extensions ['colcon_pkg']
[0.290s] Level 1:colcon.colcon_core.package_identification:_identify(src_dump) by extension 'colcon_pkg'
[0.290s] Level 1:colcon.colcon_core.package_identification:_identify(src_dump) by extensions ['colcon_meta']
[0.290s] Level 1:colcon.colcon_core.package_identification:_identify(src_dump) by extension 'colcon_meta'
[0.290s] Level 1:colcon.colcon_core.package_identification:_identify(src_dump) by extensions ['ros']
[0.290s] Level 1:colcon.colcon_core.package_identification:_identify(src_dump) by extension 'ros'
[0.290s] Level 1:colcon.colcon_core.package_identification:_identify(src_dump) by extensions ['cmake', 'python']
[0.290s] Level 1:colcon.colcon_core.package_identification:_identify(src_dump) by extension 'cmake'
[0.290s] Level 1:colcon.colcon_core.package_identification:_identify(src_dump) by extension 'python'
[0.291s] Level 1:colcon.colcon_core.package_identification:_identify(src_dump) by extensions ['python_setup_py']
[0.291s] Level 1:colcon.colcon_core.package_identification:_identify(src_dump) by extension 'python_setup_py'
[0.291s] Level 1:colcon.colcon_core.package_identification:_identify(src_dump/serial_6dof_imu) by extensions ['ignore', 'ignore_ament_install']
[0.291s] Level 1:colcon.colcon_core.package_identification:_identify(src_dump/serial_6dof_imu) by extension 'ignore'
[0.291s] Level 1:colcon.colcon_core.package_identification:_identify(src_dump/serial_6dof_imu) by extension 'ignore_ament_install'
[0.291s] Level 1:colcon.colcon_core.package_identification:_identify(src_dump/serial_6dof_imu) by extensions ['colcon_pkg']
[0.291s] Level 1:colcon.colcon_core.package_identification:_identify(src_dump/serial_6dof_imu) by extension 'colcon_pkg'
[0.291s] Level 1:colcon.colcon_core.package_identification:_identify(src_dump/serial_6dof_imu) by extensions ['colcon_meta']
[0.291s] Level 1:colcon.colcon_core.package_identification:_identify(src_dump/serial_6dof_imu) by extension 'colcon_meta'
[0.291s] Level 1:colcon.colcon_core.package_identification:_identify(src_dump/serial_6dof_imu) by extensions ['ros']
[0.291s] Level 1:colcon.colcon_core.package_identification:_identify(src_dump/serial_6dof_imu) by extension 'ros'
[0.292s] DEBUG:colcon.colcon_core.package_identification:Package 'src_dump/serial_6dof_imu' with type 'ros.ament_cmake' and name 'serial_6dof_imu_cpp'
[0.292s] Level 1:colcon.colcon_core.package_identification:_identify(src_dump/serial_test_py) by extensions ['ignore', 'ignore_ament_install']
[0.292s] Level 1:colcon.colcon_core.package_identification:_identify(src_dump/serial_test_py) by extension 'ignore'
[0.292s] Level 1:colcon.colcon_core.package_identification:_identify(src_dump/serial_test_py) by extension 'ignore_ament_install'
[0.292s] Level 1:colcon.colcon_core.package_identification:_identify(src_dump/serial_test_py) by extensions ['colcon_pkg']
[0.292s] Level 1:colcon.colcon_core.package_identification:_identify(src_dump/serial_test_py) by extension 'colcon_pkg'
[0.292s] Level 1:colcon.colcon_core.package_identification:_identify(src_dump/serial_test_py) by extensions ['colcon_meta']
[0.292s] Level 1:colcon.colcon_core.package_identification:_identify(src_dump/serial_test_py) by extension 'colcon_meta'
[0.292s] Level 1:colcon.colcon_core.package_identification:_identify(src_dump/serial_test_py) by extensions ['ros']
[0.292s] Level 1:colcon.colcon_core.package_identification:_identify(src_dump/serial_test_py) by extension 'ros'
[0.293s] DEBUG:colcon.colcon_core.package_identification:Package 'src_dump/serial_test_py' with type 'ros.ament_python' and name 'serial_test_py'
[0.293s] Level 1:colcon.colcon_core.package_identification:_identify(temp) by extensions ['ignore', 'ignore_ament_install']
[0.293s] Level 1:colcon.colcon_core.package_identification:_identify(temp) by extension 'ignore'
[0.293s] Level 1:colcon.colcon_core.package_identification:_identify(temp) by extension 'ignore_ament_install'
[0.293s] Level 1:colcon.colcon_core.package_identification:_identify(temp) by extensions ['colcon_pkg']
[0.293s] Level 1:colcon.colcon_core.package_identification:_identify(temp) by extension 'colcon_pkg'
[0.293s] Level 1:colcon.colcon_core.package_identification:_identify(temp) by extensions ['colcon_meta']
[0.293s] Level 1:colcon.colcon_core.package_identification:_identify(temp) by extension 'colcon_meta'
[0.293s] Level 1:colcon.colcon_core.package_identification:_identify(temp) by extensions ['ros']
[0.293s] Level 1:colcon.colcon_core.package_identification:_identify(temp) by extension 'ros'
[0.293s] Level 1:colcon.colcon_core.package_identification:_identify(temp) by extensions ['cmake', 'python']
[0.293s] Level 1:colcon.colcon_core.package_identification:_identify(temp) by extension 'cmake'
[0.293s] Level 1:colcon.colcon_core.package_identification:_identify(temp) by extension 'python'
[0.294s] Level 1:colcon.colcon_core.package_identification:_identify(temp) by extensions ['python_setup_py']
[0.294s] Level 1:colcon.colcon_core.package_identification:_identify(temp) by extension 'python_setup_py'
[0.294s] Level 1:colcon.colcon_core.package_identification:_identify(test_cpp) by extensions ['ignore', 'ignore_ament_install']
[0.294s] Level 1:colcon.colcon_core.package_identification:_identify(test_cpp) by extension 'ignore'
[0.294s] Level 1:colcon.colcon_core.package_identification:_identify(test_cpp) by extension 'ignore_ament_install'
[0.294s] Level 1:colcon.colcon_core.package_identification:_identify(test_cpp) by extensions ['colcon_pkg']
[0.294s] Level 1:colcon.colcon_core.package_identification:_identify(test_cpp) by extension 'colcon_pkg'
[0.294s] Level 1:colcon.colcon_core.package_identification:_identify(test_cpp) by extensions ['colcon_meta']
[0.294s] Level 1:colcon.colcon_core.package_identification:_identify(test_cpp) by extension 'colcon_meta'
[0.294s] Level 1:colcon.colcon_core.package_identification:_identify(test_cpp) by extensions ['ros']
[0.294s] Level 1:colcon.colcon_core.package_identification:_identify(test_cpp) by extension 'ros'
[0.294s] Level 1:colcon.colcon_core.package_identification:_identify(test_cpp) by extensions ['cmake', 'python']
[0.294s] Level 1:colcon.colcon_core.package_identification:_identify(test_cpp) by extension 'cmake'
[0.294s] Level 1:colcon.colcon_core.package_identification:_identify(test_cpp) by extension 'python'
[0.294s] Level 1:colcon.colcon_core.package_identification:_identify(test_cpp) by extensions ['python_setup_py']
[0.294s] Level 1:colcon.colcon_core.package_identification:_identify(test_cpp) by extension 'python_setup_py'
[0.294s] Level 1:colcon.colcon_core.package_discovery:discover_packages(recursive) using defaults
[0.294s] Level 1:colcon.colcon_core.package_discovery:discover_packages(ignore) discover
[0.294s] Level 1:colcon.colcon_core.package_discovery:discover_packages(ignore) using defaults
[0.294s] Level 1:colcon.colcon_core.package_discovery:discover_packages(path) discover
[0.294s] Level 1:colcon.colcon_core.package_discovery:discover_packages(path) using defaults
[0.319s] INFO:colcon.colcon_core.package_selection:Skipping not selected package 'serial_6dof_imu_cpp' in 'src_dump/serial_6dof_imu'
[0.319s] INFO:colcon.colcon_core.package_selection:Skipping not selected package 'serial_imu' in 'src/serial_imu'
[0.319s] INFO:colcon.colcon_core.package_selection:Skipping not selected package 'serial_test_py' in 'src_dump/serial_test_py'
[0.320s] INFO:colcon.colcon_core.package_selection:Skipping not selected package 'uart_slave' in 'src/uart_slave'
[0.320s] INFO:colcon.colcon_core.package_selection:Skipping not selected package 'nav_algo' in 'src/nav_algo'
[0.320s] Level 1:colcon.colcon_core.package_discovery:discover_packages(prefix_path) check parameters
[0.320s] Level 1:colcon.colcon_core.package_discovery:discover_packages(prefix_path) discover
[0.324s] DEBUG:colcon.colcon_installed_package_information.package_discovery:Found 383 installed packages in /opt/ros/jazzy
[0.327s] Level 1:colcon.colcon_core.package_discovery:discover_packages(prefix_path) using defaults
[0.401s] Level 5:colcon.colcon_core.verb:set package 'imu_process' build argument 'cmake_args' from command line to 'None'
[0.402s] Level 5:colcon.colcon_core.verb:set package 'imu_process' build argument 'cmake_target' from command line to 'None'
[0.402s] Level 5:colcon.colcon_core.verb:set package 'imu_process' build argument 'cmake_target_skip_unavailable' from command line to 'False'
[0.402s] Level 5:colcon.colcon_core.verb:set package 'imu_process' build argument 'cmake_clean_cache' from command line to 'False'
[0.402s] Level 5:colcon.colcon_core.verb:set package 'imu_process' build argument 'cmake_clean_first' from command line to 'False'
[0.402s] Level 5:colcon.colcon_core.verb:set package 'imu_process' build argument 'cmake_force_configure' from command line to 'False'
[0.402s] Level 5:colcon.colcon_core.verb:set package 'imu_process' build argument 'ament_cmake_args' from command line to 'None'
[0.402s] Level 5:colcon.colcon_core.verb:set package 'imu_process' build argument 'catkin_cmake_args' from command line to 'None'
[0.402s] Level 5:colcon.colcon_core.verb:set package 'imu_process' build argument 'catkin_skip_building_tests' from command line to 'False'
[0.402s] DEBUG:colcon.colcon_core.verb:Building package 'imu_process' with the following arguments: {'ament_cmake_args': None, 'build_base': '/home/guinn/guinn-ROS2/build/imu_process', 'catkin_cmake_args': None, 'catkin_skip_building_tests': False, 'cmake_args': None, 'cmake_clean_cache': False, 'cmake_clean_first': False, 'cmake_force_configure': False, 'cmake_target': None, 'cmake_target_skip_unavailable': False, 'install_base': '/home/guinn/guinn-ROS2/install/imu_process', 'merge_install': False, 'path': '/home/guinn/guinn-ROS2/src/imu_process', 'symlink_install': False, 'test_result_base': None}
[0.402s] INFO:colcon.colcon_core.executor:Executing jobs using 'parallel' executor
[0.404s] DEBUG:colcon.colcon_parallel_executor.executor.parallel:run_until_complete
[0.404s] INFO:colcon.colcon_ros.task.ament_cmake.build:Building ROS package in '/home/guinn/guinn-ROS2/src/imu_process' with build type 'ament_cmake'
[0.404s] INFO:colcon.colcon_cmake.task.cmake.build:Building CMake package in '/home/guinn/guinn-ROS2/src/imu_process'
[0.407s] INFO:colcon.colcon_core.plugin_system:Skipping extension 'colcon_core.shell.bat': Not used on non-Windows systems
[0.407s] INFO:colcon.colcon_core.shell:Skip shell extension 'powershell' for command environment: Not usable outside of PowerShell
[0.407s] DEBUG:colcon.colcon_core.shell:Skip shell extension 'dsv' for command environment
[0.410s] ERROR:colcon.colcon_cmake.task.cmake.build:Failed to find the following files:
- /home/guinn/guinn-ROS2/install/serial_imu/share/serial_imu/package.sh
Check that the following packages have been built:
- serial_imu
[0.411s] Level 1:colcon.colcon_core.environment:create_environment_scripts_only(imu_process)
[0.414s] Level 1:colcon.colcon_core.environment:checking '/home/guinn/guinn-ROS2/install/imu_process' for CMake module files
[0.415s] Level 1:colcon.colcon_core.environment:checking '/home/guinn/guinn-ROS2/install/imu_process' for CMake config files
[0.415s] Level 1:colcon.colcon_core.environment:checking '/home/guinn/guinn-ROS2/install/imu_process/bin'
[0.415s] Level 1:colcon.colcon_core.environment:checking '/home/guinn/guinn-ROS2/install/imu_process/lib/pkgconfig/imu_process.pc'
[0.416s] Level 1:colcon.colcon_core.environment:checking '/home/guinn/guinn-ROS2/install/imu_process/lib/python3.12/site-packages'
[0.416s] Level 1:colcon.colcon_core.environment:checking '/home/guinn/guinn-ROS2/install/imu_process/bin'
[0.417s] INFO:colcon.colcon_core.shell:Creating package script '/home/guinn/guinn-ROS2/install/imu_process/share/imu_process/package.ps1'
[0.418s] INFO:colcon.colcon_core.shell:Creating package descriptor '/home/guinn/guinn-ROS2/install/imu_process/share/imu_process/package.dsv'
[0.419s] INFO:colcon.colcon_core.shell:Creating package script '/home/guinn/guinn-ROS2/install/imu_process/share/imu_process/package.sh'
[0.420s] INFO:colcon.colcon_core.shell:Creating package script '/home/guinn/guinn-ROS2/install/imu_process/share/imu_process/package.bash'
[0.421s] INFO:colcon.colcon_core.shell:Creating package script '/home/guinn/guinn-ROS2/install/imu_process/share/imu_process/package.zsh'
[0.422s] Level 1:colcon.colcon_core.environment:create_file_with_runtime_dependencies(/home/guinn/guinn-ROS2/install/imu_process/share/colcon-core/packages/imu_process)
[0.434s] DEBUG:colcon.colcon_parallel_executor.executor.parallel:closing loop
[0.434s] DEBUG:colcon.colcon_parallel_executor.executor.parallel:loop closed
[0.434s] DEBUG:colcon.colcon_parallel_executor.executor.parallel:run_until_complete finished with '1'
[0.434s] DEBUG:colcon.colcon_core.event_reactor:joining thread
[0.449s] INFO:colcon.colcon_core.plugin_system:Skipping extension 'colcon_notification.desktop_notification.terminal_notifier': Not used on non-Darwin systems
[0.449s] INFO:colcon.colcon_core.plugin_system:Skipping extension 'colcon_notification.desktop_notification.win32': Not used on non-Windows systems
[0.449s] INFO:colcon.colcon_notification.desktop_notification:Sending desktop notification using 'notify2'
[0.491s] DEBUG:colcon.colcon_core.event_reactor:joined thread
[0.491s] INFO:colcon.colcon_core.shell:Creating prefix script '/home/guinn/guinn-ROS2/install/local_setup.ps1'
[0.493s] INFO:colcon.colcon_core.shell:Creating prefix util module '/home/guinn/guinn-ROS2/install/_local_setup_util_ps1.py'
[0.496s] INFO:colcon.colcon_core.shell:Creating prefix chain script '/home/guinn/guinn-ROS2/install/setup.ps1'
[0.499s] INFO:colcon.colcon_core.shell:Creating prefix script '/home/guinn/guinn-ROS2/install/local_setup.sh'
[0.504s] INFO:colcon.colcon_core.shell:Creating prefix util module '/home/guinn/guinn-ROS2/install/_local_setup_util_sh.py'
[0.508s] INFO:colcon.colcon_core.shell:Creating prefix chain script '/home/guinn/guinn-ROS2/install/setup.sh'
[0.513s] INFO:colcon.colcon_core.shell:Creating prefix script '/home/guinn/guinn-ROS2/install/local_setup.bash'
[0.514s] INFO:colcon.colcon_core.shell:Creating prefix chain script '/home/guinn/guinn-ROS2/install/setup.bash'
[0.516s] INFO:colcon.colcon_core.shell:Creating prefix script '/home/guinn/guinn-ROS2/install/local_setup.zsh'
[0.517s] INFO:colcon.colcon_core.shell:Creating prefix chain script '/home/guinn/guinn-ROS2/install/setup.zsh'
